  main.cpp
C:\Users\Nishimura Shuichi\Desktop\gameproject\Novel\NovelReaderVS\NovelReaderVS\main.cpp(1,1): warning C4819: ファイルは、現在のコード ページ (932) で表示できない文字を含んでいます。データの損失を防ぐために、ファイルを Unicode 形式で保存してください。
C:\Users\Nishimura Shuichi\Desktop\gameproject\Novel\NovelReaderVS\NovelReaderVS\NovelEngine.h(1,1): warning C4819: ファイルは、現在のコード ページ (932) で表示できない文字を含んでいます。データの損失を防ぐために、ファイルを Unicode 形式で保存してください。
  (ソース ファイル 'main.cpp' をコンパイルしています)
  
C:\Users\Nishimura Shuichi\Desktop\gameproject\Novel\NovelReaderVS\NovelReaderVS\NovelEngine.h(160,16): error C2143: 構文エラー: ';' が '*' の前にありません。
  (ソース ファイル 'main.cpp' をコンパイルしています)
  
C:\Users\Nishimura Shuichi\Desktop\gameproject\Novel\NovelReaderVS\NovelReaderVS\NovelEngine.h(160,5): error C4430: 型指定子がありません - int と仮定しました。メモ: C++ は int を既定値としてサポートしていません
  (ソース ファイル 'main.cpp' をコンパイルしています)
  
C:\Users\Nishimura Shuichi\Desktop\gameproject\Novel\NovelReaderVS\NovelReaderVS\NovelEngine.h(160,24): error C2238: ';' の前に無効なトークンがあります。
  (ソース ファイル 'main.cpp' をコンパイルしています)
  
C:\Users\Nishimura Shuichi\Desktop\gameproject\Novel\NovelReaderVS\NovelReaderVS\NovelEngine.h(163,11): error C2061: 構文エラー: 識別子 'NovelEngine'
  (ソース ファイル 'main.cpp' をコンパイルしています)
  
C:\Users\Nishimura Shuichi\Desktop\gameproject\Novel\NovelReaderVS\NovelReaderVS\NovelEngine.h(163,41): error C2065: 'engine': 定義されていない識別子です。
  (ソース ファイル 'main.cpp' をコンパイルしています)
  
C:\Users\Nishimura Shuichi\Desktop\gameproject\Novel\NovelReaderVS\NovelReaderVS\NovelEngine.h(163,34): error C2614: 'Scene': イニシャライズ リスト内のクラス 'engine' が基底クラスでもメンバーでもありません。
  (ソース ファイル 'main.cpp' をコンパイルしています)
  
C:\Users\Nishimura Shuichi\Desktop\gameproject\Novel\NovelReaderVS\NovelReaderVS\NovelEngine.h(181,16): error C2061: 構文エラー: 識別子 'NovelEngine'
  (ソース ファイル 'main.cpp' をコンパイルしています)
  
C:\Users\Nishimura Shuichi\Desktop\gameproject\Novel\NovelReaderVS\NovelReaderVS\NovelEngine.h(197,18): error C2061: 構文エラー: 識別子 'NovelEngine'
  (ソース ファイル 'main.cpp' をコンパイルしています)
  
C:\Users\Nishimura Shuichi\Desktop\gameproject\Novel\NovelReaderVS\NovelReaderVS\NovelEngine.h(220,23): error C2061: 構文エラー: 識別子 'NovelEngine'
  (ソース ファイル 'main.cpp' をコンパイルしています)
  
C:\Users\Nishimura Shuichi\Desktop\gameproject\Novel\NovelReaderVS\NovelReaderVS\NovelEngine.h(241,17): error C2061: 構文エラー: 識別子 'NovelEngine'
  (ソース ファイル 'main.cpp' をコンパイルしています)
  
  NovelEngine.cpp
C:\Users\Nishimura Shuichi\Desktop\gameproject\Novel\NovelReaderVS\NovelReaderVS\NovelEngine.cpp(1,1): warning C4819: ファイルは、現在のコード ページ (932) で表示できない文字を含んでいます。データの損失を防ぐために、ファイルを Unicode 形式で保存してください。
C:\Users\Nishimura Shuichi\Desktop\gameproject\Novel\NovelReaderVS\NovelReaderVS\NovelEngine.h(1,1): warning C4819: ファイルは、現在のコード ページ (932) で表示できない文字を含んでいます。データの損失を防ぐために、ファイルを Unicode 形式で保存してください。
  (ソース ファイル 'NovelEngine.cpp' をコンパイルしています)
  
C:\Users\Nishimura Shuichi\Desktop\gameproject\Novel\NovelReaderVS\NovelReaderVS\NovelEngine.h(160,16): error C2143: 構文エラー: ';' が '*' の前にありません。
  (ソース ファイル 'NovelEngine.cpp' をコンパイルしています)
  
C:\Users\Nishimura Shuichi\Desktop\gameproject\Novel\NovelReaderVS\NovelReaderVS\NovelEngine.h(160,5): error C4430: 型指定子がありません - int と仮定しました。メモ: C++ は int を既定値としてサポートしていません
  (ソース ファイル 'NovelEngine.cpp' をコンパイルしています)
  
C:\Users\Nishimura Shuichi\Desktop\gameproject\Novel\NovelReaderVS\NovelReaderVS\NovelEngine.h(160,24): error C2238: ';' の前に無効なトークンがあります。
  (ソース ファイル 'NovelEngine.cpp' をコンパイルしています)
  
C:\Users\Nishimura Shuichi\Desktop\gameproject\Novel\NovelReaderVS\NovelReaderVS\NovelEngine.h(163,11): error C2061: 構文エラー: 識別子 'NovelEngine'
  (ソース ファイル 'NovelEngine.cpp' をコンパイルしています)
  
C:\Users\Nishimura Shuichi\Desktop\gameproject\Novel\NovelReaderVS\NovelReaderVS\NovelEngine.h(163,41): error C2065: 'engine': 定義されていない識別子です。
  (ソース ファイル 'NovelEngine.cpp' をコンパイルしています)
  
C:\Users\Nishimura Shuichi\Desktop\gameproject\Novel\NovelReaderVS\NovelReaderVS\NovelEngine.h(163,34): error C2614: 'Scene': イニシャライズ リスト内のクラス 'engine' が基底クラスでもメンバーでもありません。
  (ソース ファイル 'NovelEngine.cpp' をコンパイルしています)
  
C:\Users\Nishimura Shuichi\Desktop\gameproject\Novel\NovelReaderVS\NovelReaderVS\NovelEngine.h(181,16): error C2061: 構文エラー: 識別子 'NovelEngine'
  (ソース ファイル 'NovelEngine.cpp' をコンパイルしています)
  
C:\Users\Nishimura Shuichi\Desktop\gameproject\Novel\NovelReaderVS\NovelReaderVS\NovelEngine.h(197,18): error C2061: 構文エラー: 識別子 'NovelEngine'
  (ソース ファイル 'NovelEngine.cpp' をコンパイルしています)
  
C:\Users\Nishimura Shuichi\Desktop\gameproject\Novel\NovelReaderVS\NovelReaderVS\NovelEngine.h(220,23): error C2061: 構文エラー: 識別子 'NovelEngine'
  (ソース ファイル 'NovelEngine.cpp' をコンパイルしています)
  
C:\Users\Nishimura Shuichi\Desktop\gameproject\Novel\NovelReaderVS\NovelReaderVS\NovelEngine.h(241,17): error C2061: 構文エラー: 識別子 'NovelEngine'
  (ソース ファイル 'NovelEngine.cpp' をコンパイルしています)
  
C:\Users\Nishimura Shuichi\Desktop\gameproject\Novel\NovelReaderVS\NovelReaderVS\NovelEngine.cpp(162,34): warning C4267: '=': 'size_t' から 'int' に変換しました。データが失われているかもしれません。
C:\Users\Nishimura Shuichi\Desktop\gameproject\Novel\NovelReaderVS\NovelReaderVS\NovelEngine.cpp(287,9): error C3861: 'ChangeVolumeMusicMem': 識別子が見つかりませんでした
C:\Users\Nishimura Shuichi\Desktop\gameproject\Novel\NovelReaderVS\NovelReaderVS\NovelEngine.cpp(332,19): error C2079: 'fileStream' が 未定義の class 'std::basic_ifstream<char,std::char_traits<char>>' で使用しています。
C:\Users\Nishimura Shuichi\Desktop\gameproject\Novel\NovelReaderVS\NovelReaderVS\NovelEngine.cpp(338,17): error C2672: 'std::getline': 一致するオーバーロードされた関数が見つかりませんでした。
      C:\Program Files\Microsoft Visual Studio\2022\Community\VC\Tools\MSVC\14.44.35207\include\string(82,32):
      'std::basic_istream<_Elem,_Traits> &std::getline(std::basic_istream<_Elem,_Traits> &,std::basic_string<_Elem,_Traits,_Alloc> &)' の可能性があります
          C:\Users\Nishimura Shuichi\Desktop\gameproject\Novel\NovelReaderVS\NovelReaderVS\NovelEngine.cpp(338,17):
          'std::basic_istream<_Elem,_Traits> &std::getline(std::basic_istream<_Elem,_Traits> &,std::basic_string<_Elem,_Traits,_Alloc> &)': 'std::basic_istream<_Elem,_Traits> &' の テンプレート 引数を '<error type>' から推測できませんでした
      C:\Program Files\Microsoft Visual Studio\2022\Community\VC\Tools\MSVC\14.44.35207\include\string(75,32):
      または 'std::basic_istream<_Elem,_Traits> &std::getline(std::basic_istream<_Elem,_Traits> &,std::basic_string<_Elem,_Traits,_Alloc> &,const _Elem)'
          C:\Users\Nishimura Shuichi\Desktop\gameproject\Novel\NovelReaderVS\NovelReaderVS\NovelEngine.cpp(338,17):
          'std::basic_istream<_Elem,_Traits> &std::getline(std::basic_istream<_Elem,_Traits> &,std::basic_string<_Elem,_Traits,_Alloc> &,const _Elem)': 3 引数が必要です - 2 が指定されました
      C:\Program Files\Microsoft Visual Studio\2022\Community\VC\Tools\MSVC\14.44.35207\include\string(68,32):
      または 'std::basic_istream<_Elem,_Traits> &std::getline(std::basic_istream<_Elem,_Traits> &&,std::basic_string<_Elem,_Traits,_Alloc> &)'
          C:\Users\Nishimura Shuichi\Desktop\gameproject\Novel\NovelReaderVS\NovelReaderVS\NovelEngine.cpp(338,17):
          'std::basic_istream<_Elem,_Traits> &std::getline(std::basic_istream<_Elem,_Traits> &&,std::basic_string<_Elem,_Traits,_Alloc> &)': 'std::basic_istream<_Elem,_Traits> &&' の テンプレート 引数を '<error type>' から推測できませんでした
      C:\Program Files\Microsoft Visual Studio\2022\Community\VC\Tools\MSVC\14.44.35207\include\string(25,32):
      または 'std::basic_istream<_Elem,_Traits> &std::getline(std::basic_istream<_Elem,_Traits> &&,std::basic_string<_Elem,_Traits,_Alloc> &,const _Elem)'
          C:\Users\Nishimura Shuichi\Desktop\gameproject\Novel\NovelReaderVS\NovelReaderVS\NovelEngine.cpp(338,17):
          'std::basic_istream<_Elem,_Traits> &std::getline(std::basic_istream<_Elem,_Traits> &&,std::basic_string<_Elem,_Traits,_Alloc> &,const _Elem)': 3 引数が必要です - 2 が指定されました
  
C:\Users\Nishimura Shuichi\Desktop\gameproject\Novel\NovelReaderVS\NovelReaderVS\NovelEngine.cpp(400,22): warning C4267: 'return': 'size_t' から 'int' に変換しました。データが失われているかもしれません。
C:\Users\Nishimura Shuichi\Desktop\gameproject\Novel\NovelReaderVS\NovelReaderVS\NovelEngine.cpp(408,25): warning C4267: 'return': 'size_t' から 'int' に変換しました。データが失われているかもしれません。
C:\Users\Nishimura Shuichi\Desktop\gameproject\Novel\NovelReaderVS\NovelReaderVS\NovelEngine.cpp(412,13): error C2511: 'TitleScene::TitleScene(NovelEngine *)': オーバーロードされたメンバー関数が 'TitleScene' にありません。
      C:\Users\Nishimura Shuichi\Desktop\gameproject\Novel\NovelReaderVS\NovelReaderVS\NovelEngine.h(172,7):
      'TitleScene' の宣言を確認してください
  
C:\Users\Nishimura Shuichi\Desktop\gameproject\Novel\NovelReaderVS\NovelReaderVS\NovelEngine.cpp(413,42): error C2550: 'TitleScene::{ctor}': コンストラクターの初期化子リストはコンストラクターの定義だけに許されます。
C:\Users\Nishimura Shuichi\Desktop\gameproject\Novel\NovelReaderVS\NovelReaderVS\NovelEngine.cpp(414,51): error C3688: リテラル サフィックス '邨ゆｺ・' が無効です。リテラル演算子またはリテラル演算子テンプレート 'operator ""邨ゆｺ・' が見つかりません
C:\Users\Nishimura Shuichi\Desktop\gameproject\Novel\NovelReaderVS\NovelReaderVS\NovelEngine.cpp(414,15): error C3079: 初期化子リストは、この代入演算子の右オペランドとしては使用できません
C:\Users\Nishimura Shuichi\Desktop\gameproject\Novel\NovelReaderVS\NovelReaderVS\NovelEngine.cpp(430,70): warning C4267: '=': 'size_t' から 'int' に変換しました。データが失われているかもしれません。
C:\Users\Nishimura Shuichi\Desktop\gameproject\Novel\NovelReaderVS\NovelReaderVS\NovelEngine.cpp(438,17): error C2065: 'engine': 定義されていない識別子です。
C:\Users\Nishimura Shuichi\Desktop\gameproject\Novel\NovelReaderVS\NovelReaderVS\NovelEngine.cpp(444,17): error C2065: 'engine': 定義されていない識別子です。
C:\Users\Nishimura Shuichi\Desktop\gameproject\Novel\NovelReaderVS\NovelReaderVS\NovelEngine.cpp(473,15): error C2511: 'LoadingScene::LoadingScene(NovelEngine *)': オーバーロードされたメンバー関数が 'LoadingScene' にありません。
      C:\Users\Nishimura Shuichi\Desktop\gameproject\Novel\NovelReaderVS\NovelReaderVS\NovelEngine.h(189,7):
      'LoadingScene' の宣言を確認してください
  
C:\Users\Nishimura Shuichi\Desktop\gameproject\Novel\NovelReaderVS\NovelReaderVS\NovelEngine.cpp(473,84): error C2550: 'LoadingScene::{ctor}': コンストラクターの初期化子リストはコンストラクターの定義だけに許されます。
C:\Users\Nishimura Shuichi\Desktop\gameproject\Novel\NovelReaderVS\NovelReaderVS\NovelEngine.cpp(474,5): error C2597: 静的でないメンバー 'LoadingScene::loadingText' への参照が正しくありません。
      C:\Users\Nishimura Shuichi\Desktop\gameproject\Novel\NovelReaderVS\NovelReaderVS\NovelEngine.h(192,17):
      'LoadingScene::loadingText' の宣言を確認してください
  
C:\Users\Nishimura Shuichi\Desktop\gameproject\Novel\NovelReaderVS\NovelReaderVS\NovelEngine.cpp(487,9): error C2065: 'engine': 定義されていない識別子です。
C:\Users\Nishimura Shuichi\Desktop\gameproject\Novel\NovelReaderVS\NovelReaderVS\NovelEngine.cpp(510,20): error C2511: 'NovelReadingScene::NovelReadingScene(NovelEngine *)': オーバーロードされたメンバー関数が 'NovelReadingScene' にありません。
      C:\Users\Nishimura Shuichi\Desktop\gameproject\Novel\NovelReaderVS\NovelReaderVS\NovelEngine.h(205,7):
      'NovelReadingScene' の宣言を確認してください
  
C:\Users\Nishimura Shuichi\Desktop\gameproject\Novel\NovelReaderVS\NovelReaderVS\NovelEngine.cpp(511,78): error C2550: 'NovelReadingScene::{ctor}': コンストラクターの初期化子リストはコンストラクターの定義だけに許されます。
C:\Users\Nishimura Shuichi\Desktop\gameproject\Novel\NovelReaderVS\NovelReaderVS\NovelEngine.cpp(518,24): error C2065: 'engine': 定義されていない識別子です。
C:\Users\Nishimura Shuichi\Desktop\gameproject\Novel\NovelReaderVS\NovelReaderVS\NovelEngine.cpp(539,21): error C2065: 'engine': 定義されていない識別子です。
C:\Users\Nishimura Shuichi\Desktop\gameproject\Novel\NovelReaderVS\NovelReaderVS\NovelEngine.cpp(577,17): error C2065: 'engine': 定義されていない識別子です。
C:\Users\Nishimura Shuichi\Desktop\gameproject\Novel\NovelReaderVS\NovelReaderVS\NovelEngine.cpp(620,34): error C2001: 定数が 2 行目に続いています。
C:\Users\Nishimura Shuichi\Desktop\gameproject\Novel\NovelReaderVS\NovelReaderVS\NovelEngine.cpp(621,5): error C2143: 構文エラー: ')' が '}' の前にありません。
C:\Users\Nishimura Shuichi\Desktop\gameproject\Novel\NovelReaderVS\NovelReaderVS\NovelEngine.cpp(620,9): error C2660: 'DxLib::DrawString': 関数に 3 個の引数を指定できません。
      C:\Users\Nishimura Shuichi\Desktop\gameproject\プロジェクトに追加すべきファイル_VC用\DxLib.h(3814,14):
      'DxLib::DrawString' の宣言を確認してください
      C:\Users\Nishimura Shuichi\Desktop\gameproject\Novel\NovelReaderVS\NovelReaderVS\NovelEngine.cpp(620,9):
      引数リスト '(int, int, const char [41])' を一致させようとしているとき
  
C:\Users\Nishimura Shuichi\Desktop\gameproject\Novel\NovelReaderVS\NovelReaderVS\NovelEngine.cpp(621,5): error C2143: 構文エラー: ';' が '}' の前にありません。
C:\Users\Nishimura Shuichi\Desktop\gameproject\Novel\NovelReaderVS\NovelReaderVS\NovelEngine.cpp(635,14): error C2511: 'EndingScene::EndingScene(NovelEngine *)': オーバーロードされたメンバー関数が 'EndingScene' にありません。
      C:\Users\Nishimura Shuichi\Desktop\gameproject\Novel\NovelReaderVS\NovelReaderVS\NovelEngine.h(233,7):
      'EndingScene' の宣言を確認してください
  
C:\Users\Nishimura Shuichi\Desktop\gameproject\Novel\NovelReaderVS\NovelReaderVS\NovelEngine.cpp(635,81): error C2550: 'EndingScene::{ctor}': コンストラクターの初期化子リストはコンストラクターの定義だけに許されます。
C:\Users\Nishimura Shuichi\Desktop\gameproject\Novel\NovelReaderVS\NovelReaderVS\NovelEngine.cpp(636,18): error C2001: 定数が 2 行目に続いています。
C:\Users\Nishimura Shuichi\Desktop\gameproject\Novel\NovelReaderVS\NovelReaderVS\NovelEngine.cpp(636,5): error C2597: 静的でないメンバー 'EndingScene::endingText' への参照が正しくありません。
      C:\Users\Nishimura Shuichi\Desktop\gameproject\Novel\NovelReaderVS\NovelReaderVS\NovelEngine.h(237,17):
      'EndingScene::endingText' の宣言を確認してください
  
C:\Users\Nishimura Shuichi\Desktop\gameproject\Novel\NovelReaderVS\NovelReaderVS\NovelEngine.cpp(637,1): error C2143: 構文エラー: ';' が '}' の前にありません。
C:\Users\Nishimura Shuichi\Desktop\gameproject\Novel\NovelReaderVS\NovelReaderVS\NovelEngine.cpp(652,9): error C2065: 'engine': 定義されていない識別子です。
C:\Users\Nishimura Shuichi\Desktop\gameproject\Novel\NovelReaderVS\NovelReaderVS\NovelEngine.cpp(662,42): error C2001: 定数が 2 行目に続いています。
C:\Users\Nishimura Shuichi\Desktop\gameproject\Novel\NovelReaderVS\NovelReaderVS\NovelEngine.cpp(664,5): error C2146: 構文エラー: ')' が、識別子 'fadeManager' の前に必要です。
C:\Users\Nishimura Shuichi\Desktop\gameproject\Novel\NovelReaderVS\NovelReaderVS\NovelEngine.cpp(662,5): error C2660: 'DxLib::DrawString': 関数に 3 個の引数を指定できません。
      C:\Users\Nishimura Shuichi\Desktop\gameproject\プロジェクトに追加すべきファイル_VC用\DxLib.h(3814,14):
      'DxLib::DrawString' の宣言を確認してください
      C:\Users\Nishimura Shuichi\Desktop\gameproject\Novel\NovelReaderVS\NovelReaderVS\NovelEngine.cpp(662,5):
      引数リスト '(int, int, const char [58])' を一致させようとしているとき
  
C:\Users\Nishimura Shuichi\Desktop\gameproject\Novel\NovelReaderVS\NovelReaderVS\NovelEngine.cpp(664,5): error C2146: 構文エラー: ';' が、識別子 'fadeManager' の前に必要です。
  コードを生成中...
